{
  "config": "/tmp/experiment_llava_video_base_vidhalluc_smoke.yaml",
  "jobs": [
    {
      "model": "llava-video-7b",
      "method": "base",
      "benchmark": "vidhalluc",
      "task": "bqa",
      "status": "ready",
      "note": "LLaVA Video checkpoint adapter not GPU-validated in this workspace",
      "validation_override": true
    },
    {
      "model": "llava-video-7b",
      "method": "base",
      "benchmark": "vidhalluc",
      "task": "mcq",
      "status": "ready",
      "note": "LLaVA Video checkpoint adapter not GPU-validated in this workspace",
      "validation_override": true
    }
  ]
}
[2026-08-27 14:41:57] ERROR llava-video-7b / base / vidhalluc / bqa | RuntimeError('LLaVA-Video requires the official LLaVA-NeXT Python stack (`llava.model.builder`, `llava_qwen`). Install it or add its repository to PYTHONPATH before running this adapter.')
[2026-08-27 14:41:57] ERROR llava-video-7b / base / vidhalluc / mcq | RuntimeError('LLaVA-Video requires the official LLaVA-NeXT Python stack (`llava.model.builder`, `llava_qwen`). Install it or add its repository to PYTHONPATH before running this adapter.')
[2026-08-27 14:41:57] AGGREGATED metrics -> /scratch/jp09/dd9648/video-hallucination-benchmark/results/metrics/llava_video_base_vidhalluc_smoke.metrics.json | table -> /scratch/jp09/dd9648/video-hallucination-benchmark/results/tables/llava_video_base_vidhalluc_smoke.results.csv
{
  "executed": [
    {
      "job": {
        "model": "llava-video-7b",
        "method": "base",
        "benchmark": "vidhalluc",
        "task": "bqa",
        "status": "ready",
        "note": "LLaVA Video checkpoint adapter not GPU-validated in this workspace",
        "validation_override": true
      },
      "error": "RuntimeError('LLaVA-Video requires the official LLaVA-NeXT Python stack (`llava.model.builder`, `llava_qwen`). Install it or add its repository to PYTHONPATH before running this adapter.')"
    },
    {
      "job": {
        "model": "llava-video-7b",
        "method": "base",
        "benchmark": "vidhalluc",
        "task": "mcq",
        "status": "ready",
        "note": "LLaVA Video checkpoint adapter not GPU-validated in this workspace",
        "validation_override": true
      },
      "error": "RuntimeError('LLaVA-Video requires the official LLaVA-NeXT Python stack (`llava.model.builder`, `llava_qwen`). Install it or add its repository to PYTHONPATH before running this adapter.')"
    }
  ],
  "artifacts": {
    "metrics_json": "/scratch/jp09/dd9648/video-hallucination-benchmark/results/metrics/llava_video_base_vidhalluc_smoke.metrics.json",
    "results_csv": "/scratch/jp09/dd9648/video-hallucination-benchmark/results/tables/llava_video_base_vidhalluc_smoke.results.csv",
    "results_md": "/scratch/jp09/dd9648/video-hallucination-benchmark/results/tables/llava_video_base_vidhalluc_smoke.results.md"
  }
}
